 a | b 
---+---
 0 | 1
(1 row)

 x1 | hist 
----+------
  0 |    1
(1 row)

 x1 | hist 
----+------
  0 |    1
(1 row)

 x1 | hist 
----+------
  0 |    1
(1 row)

 x1 | hist 
----+------
  0 |    1
(1 row)

 x1 | hist 
----+------
  0 |    1
(1 row)

 x1 | hist 
----+------
  1 |    1
 11 |    1
(2 rows)

 x1 | hist 
----+------
  1 |    1
 11 |    1
(2 rows)

 x1 | hist 
----+------
  1 |    1
 11 |    1
(2 rows)

 x1 | hist 
----+------
  1 |    1
 11 |    1
(2 rows)

 x1 | hist 
----+------
  1 |    1
 11 |    1
(2 rows)

 x1 | x2 | hist 
----+----+------
  1 |  1 |    1
 11 | 11 |    1
(2 rows)

 x1 | x2 | hist 
----+----+------
  1 |  1 |    1
 11 | 11 |    1
(2 rows)

 x1 | x2 | hist 
----+----+------
  1 |  1 |    1
 11 | 11 |    1
(2 rows)

 x1 | x2 | hist 
----+----+------
  1 |  1 |    1
 11 | 11 |    1
(2 rows)

 x1 | x2 | hist 
----+----+------
  1 |  1 |    1
 11 | 11 |    1
(2 rows)

 x1 | x2 | hist 
----+----+------
  1 |  2 |    1
 11 | 22 |    1
(2 rows)

 x1 | x2 | hist 
----+----+------
  1 |  2 |    1
 11 | 22 |    1
(2 rows)

 x1 | x2 | hist 
----+----+------
  1 |  2 |    1
 11 | 22 |    1
(2 rows)

 x1 | x2 | hist 
----+----+------
  1 |  2 |    1
 11 | 22 |    1
(2 rows)

 x1 | x2 | hist 
----+----+------
  1 |  2 |    1
 11 | 22 |    1
(2 rows)

 x1 |  hist  
----+--------
  0 | 100000
(1 row)

 x1 | x2 |  hist  
----+----+--------
  0 |  0 | 100000
(1 row)

 x1 | x2 | x3 |  hist  
----+----+----+--------
  0 |  0 |  0 | 100000
(1 row)

 x1 | x2 | x3 | x4 | x5 |  hist  
----+----+----+----+----+--------
  5 |  5 |  5 |  5 |  5 | 100000
(1 row)

